// Jest Snapshot v1, https://goo.gl/fbAQLP

exports[`Cognito returns a cognito users pool 1`] = `
Object {
  "Parameters": Any<Object>,
  "Resources": Object {
    "usuariosdevA198FC9E": Object {
      "DeletionPolicy": "Retain",
      "Properties": Any<Object>,
      "Type": "AWS::Cognito::UserPool",
      "UpdateReplacePolicy": "Retain",
    },
  },
  "Rules": Object {
    "CheckBootstrapVersion": Object {
      "Assertions": Array [
        Object {
          "Assert": Object {
            "Fn::Not": Array [
              Object {
                "Fn::Contains": Array [
                  Array [
                    "1",
                    "2",
                    "3",
                    "4",
                    "5",
                  ],
                  Object {
                    "Ref": "BootstrapVersion",
                  },
                ],
              },
            ],
          },
          "AssertDescription": "CDK bootstrap stack version 6 required. Please run 'cdk bootstrap' with a recent version of the CDK CLI.",
        },
      ],
    },
  },
}
`;
