// Jest Snapshot v1, https://goo.gl/fbAQLP

exports[`models models 1`] = `
Object {
  "Parameters": Object {
    "BootstrapVersion": Object {
      "Default": "/cdk-bootstrap/hnb659fds/version",
      "Description": "Version of the CDK Bootstrap resources in this environment, automatically retrieved from SSM Parameter Store. [cdk:skip]",
      "Type": "AWS::SSM::Parameter::Value<String>",
    },
  },
  "Resources": Object {
    "GetStateModel": Object {
      "Properties": Object {
        "ApiId": Object {
          "Ref": "testApiD6ECAB50",
        },
        "ContentType": "application/json",
        "Name": "GetStateModel",
        "Schema": Object {
          "$schema": "http://json-schema.org/draft-04/schema#",
          "properties": Object {
            "action": Object {
              "enum": Array [
                "getState",
              ],
            },
          },
          "required": Array [
            "action",
          ],
          "title": "GetStateSchema",
          "type": "object",
        },
      },
      "Type": "AWS::ApiGatewayV2::Model",
    },
    "testApiD6ECAB50": Object {
      "Properties": Object {
        "Name": "testApi",
        "ProtocolType": "WEBSOCKET",
        "RouteSelectionExpression": "$request.body.action",
      },
      "Type": "AWS::ApiGatewayV2::Api",
    },
  },
  "Rules": Object {
    "CheckBootstrapVersion": Object {
      "Assertions": Array [
        Object {
          "Assert": Object {
            "Fn::Not": Array [
              Object {
                "Fn::Contains": Array [
                  Array [
                    "1",
                    "2",
                    "3",
                    "4",
                    "5",
                  ],
                  Object {
                    "Ref": "BootstrapVersion",
                  },
                ],
              },
            ],
          },
          "AssertDescription": "CDK bootstrap stack version 6 required. Please run 'cdk bootstrap' with a recent version of the CDK CLI.",
        },
      ],
    },
  },
}
`;
